// Jest Snapshot v1, https://goo.gl/fbAQLP

exports[`<Dropdown /> Dropdown should match snapshot 1`] = `ShallowWrapper {}`;
