// Jest Snapshot v1, https://goo.gl/fbAQLP

exports[`<Converter/> Converter should match snapshot 1`] = `ShallowWrapper {}`;
